../Core/Src/main.c:46:5:main	136	static
../Core/Src/main.c:94:6:SystemClock_Config	88	static
../Core/Src/main.c:141:13:MX_USART2_UART_Init	8	static
../Core/Src/main.c:174:13:MX_GPIO_Init	40	static
../Core/Src/main.c:217:6:StartDefaultTask	16	static
../Core/Src/main.c:229:6:Thread1Func	48	static
../Core/Src/main.c:247:6:Thread2Func	48	static
../Core/Src/main.c:271:6:Thread3Func	56	static
../Core/Src/main.c:296:6:HAL_TIM_PeriodElapsedCallback	16	static
../Core/Src/main.c:314:6:Error_Handler	4	static,ignoring_inline_asm
